Хозяин|Аквариум%%Дыхание|Наутилус Помпилиус%%Миша Маваши|Ник Черников
Внутри собаки|Аукцыон%%С глазу на глаз|Илья Черт%%Давай просто уйдем|Чайф
Дороги наши разошлись|Никольский Константин%%Босиком по Луне|Ва-БанкЪ%%Король Оранжевое Лето|Браво
Генералы песчаных карьеров|Несчастный случай%%Мочалкин Блюз|Аквариум%%Лейтенанты|Гарик Сукачев%%Каким ты был|София Ротару
Шла Саша по шоссе|Несчастный Случай%%Летели облака|ДДТ%%Пора, мой друг, пора! покоя сердце просит -|Александр Пушкин
А что нам надо|Серьга%%Рай регги, солнца и света|5nizza%%Верка, Надька и Любка|Александр Башлачев
Страна Чудес|Сергей Галанин%%Ляг на землю|Billy’s Band%%Не забудь|Секрет
Ромео и Джульетта|Серьга%%Рижская|Дягилева Янка%%Вот и вся любовь|Профессор Лебединский
Я привык бродить один|Никольский Константин%%Куплеты Принца|Зимовье Зверей%%СТИХИ, СОЧИНЕННЫЕ НОЧЬЮ ВО ВРЕМЯ БЕССОННИЦЫ|Александр Пушкин
То не ветер ветку клонит|Разные песни%%Смуглянка|Песни из кино и мультфильмов%%Этот город|ДДТ
Я хотел бы пройти сто дорог|Машина Времени%%Олимпийский огонь|Жанна Фриске%%Райские яблоки|Высоцкий Владимир
Что ты имела в виду?|Несчастный Случай%%Ах, любовь|Зоопарк%%И только имя твое%%Теплая Трасса
Летние каникулы|Евгений Маргулис%%Босиком по Луне|Ва-БанкЪ
Разум и сердце|Софи Окран%%Один поцелуй моряка|Агузарова Жанна
Молитва|Ирина Сурина%%Я ни разу за морем не был|Никольский Константин%%В кепке набок и зуб золотой|Андрей Макаревич
Три сестры|Андрей Макаревич%%Ты меня на рассвете разбудишь...|Юнона и Авось
Больше ничего|Александр Шевченко%%Город мой Баку|Муслим Магомаев
Я тебя не буду искать|Александр Шевченко%%Модель|Ышо-Ышо
Сентябрь|Александр Шевченко%%Холодные зимы|Сплин
Говори|Андрей Сапунов%%Солнцеворот|Алиса
